146 97 403 530 165 416 165 141 124 212 297 60 177 5 549 265 220 196 44 183 162 264 188 468 308 369 311 400 320 419 206 429 148 129 130 292 115 376 112 80 29 511 543 171 228 70 251 478 49 131 207 16 278 427 431 371 272 494 124 180 338 183 62 165 342 427 301 188 67 109 438 277 176 349 113 192 398 149 294 237 264 291 189 107 136 289 334 160 409 290 96 125 230 211 240 161 553 477 225 408 152 41 178 180 24 535 176 486 106 386 151 169 151 125 138 124 228 436 380 283 82 199 328 116 485 124 128 107 245 310 233 399 97 59 93 280 153 406 159 55 433 294 117 181 139 379 435 99 55 217 109 305 339 100 115 109 139 426 223 136 180 48 231 62 209 97 335 465 306 278 121 199 362 56 285